{"t":1771943918725,"message":"handleRoleChange","newRole":"Encargado","settingRefsTrue":true}
{"t":1771943918735,"message":"loadPortalData CALLED","role":"Encargado","isRoleChange":true}
{"t":1771943922938,"message":"loadPortalData DONE (role change), ref will clear when effect sees roleToLoad === lastLoadedRoleRef"}
{"t":1771943923498,"message":"effect run","status":"loading","roleToLoad":"Coordinador","lastLoadedRoleRef":"Encargado","isRoleChangeInProgressRef":true,"skipSame":true,"skipInProgress":true,"willCallLoadPortalData":false}
{"t":1771943924534,"message":"effect run: session synced, clearing isRoleChangeInProgressRef"}
{"t":1771943924582,"message":"effect run","status":"authenticated","roleToLoad":"Encargado","lastLoadedRoleRef":"Encargado","isRoleChangeInProgressRef":true,"skipSame":true,"skipInProgress":true,"willCallLoadPortalData":false}
{"t":1771943924617,"message":"effect run","status":"authenticated","roleToLoad":"Coordinador","lastLoadedRoleRef":"Encargado","isRoleChangeInProgressRef":false,"skipSame":false,"skipInProgress":false,"willCallLoadPortalData":true}
{"t":1771943924622,"message":"effect -> calling loadPortalData(roleToLoad) WITHOUT isRoleChange","roleToLoad":"Coordinador"}
{"t":1771943924629,"message":"loadPortalData CALLED","role":"Coordinador","isRoleChange":false}
{"t":1771943925052,"message":"effect run","status":"loading","roleToLoad":"Coordinador","lastLoadedRoleRef":"Coordinador","isRoleChangeInProgressRef":false,"skipSame":true,"skipInProgress":false,"willCallLoadPortalData":false}
{"t":1771943925756,"message":"effect run","status":"authenticated","roleToLoad":"Coordinador","lastLoadedRoleRef":"Coordinador","isRoleChangeInProgressRef":false,"skipSame":true,"skipInProgress":false,"willCallLoadPortalData":false}
{"t":1771943929816,"message":"handleRoleChange","newRole":"Encargado","settingRefsTrue":true}
{"t":1771943929835,"message":"loadPortalData CALLED","role":"Encargado","isRoleChange":true}
{"t":1771943932233,"message":"loadPortalData DONE (role change), ref will clear when effect sees roleToLoad === lastLoadedRoleRef"}
{"t":1771943932758,"message":"effect run","status":"loading","roleToLoad":"Coordinador","lastLoadedRoleRef":"Encargado","isRoleChangeInProgressRef":true,"skipSame":true,"skipInProgress":true,"willCallLoadPortalData":false}
{"t":1771943933749,"message":"effect run","status":"authenticated","roleToLoad":"Encargado","lastLoadedRoleRef":"Encargado","isRoleChangeInProgressRef":true,"skipSame":true,"skipInProgress":true,"willCallLoadPortalData":false}
{"t":1771943933755,"message":"effect run: session synced, clearing isRoleChangeInProgressRef"}
{"t":1771943933910,"message":"effect run","status":"loading","roleToLoad":"Encargado","lastLoadedRoleRef":"Encargado","isRoleChangeInProgressRef":false,"skipSame":true,"skipInProgress":false,"willCallLoadPortalData":false}
{"t":1771943934767,"message":"effect run","status":"authenticated","roleToLoad":"Encargado","lastLoadedRoleRef":"Encargado","isRoleChangeInProgressRef":false,"skipSame":true,"skipInProgress":false,"willCallLoadPortalData":false}
{"t":1771943935802,"message":"handleRoleChange","newRole":"Coordinador","settingRefsTrue":true}
{"t":1771943935809,"message":"loadPortalData CALLED","role":"Coordinador","isRoleChange":true}
{"t":1771943938373,"message":"loadPortalData DONE (role change), ref will clear when effect sees roleToLoad === lastLoadedRoleRef"}
{"t":1771943938738,"message":"effect run","status":"loading","roleToLoad":"Encargado","lastLoadedRoleRef":"Coordinador","isRoleChangeInProgressRef":true,"skipSame":true,"skipInProgress":true,"willCallLoadPortalData":false}
{"t":1771943939739,"message":"effect run: session synced, clearing isRoleChangeInProgressRef"}
{"t":1771943939745,"message":"effect run","status":"authenticated","roleToLoad":"Coordinador","lastLoadedRoleRef":"Coordinador","isRoleChangeInProgressRef":true,"skipSame":true,"skipInProgress":true,"willCallLoadPortalData":false}
{"t":1771943939805,"message":"effect run","status":"loading","roleToLoad":"Coordinador","lastLoadedRoleRef":"Coordinador","isRoleChangeInProgressRef":false,"skipSame":true,"skipInProgress":false,"willCallLoadPortalData":false}
{"t":1771943940541,"message":"effect run","status":"authenticated","roleToLoad":"Coordinador","lastLoadedRoleRef":"Coordinador","isRoleChangeInProgressRef":false,"skipSame":true,"skipInProgress":false,"willCallLoadPortalData":false}
{"t":1771943999286,"message":"effect run","status":"authenticated","roleToLoad":"Coordinador","lastLoadedRoleRef":null,"isRoleChangeInProgressRef":false,"skipSame":false,"skipInProgress":false,"willCallLoadPortalData":true}
{"t":1771943999292,"message":"loadPortalData CALLED","role":"Coordinador","isRoleChange":false}
{"t":1771943999298,"message":"effect -> calling loadPortalData(roleToLoad) WITHOUT isRoleChange","roleToLoad":"Coordinador"}
{"t":1771944002984,"message":"effect run","status":"authenticated","roleToLoad":"Coordinador","lastLoadedRoleRef":"Coordinador","isRoleChangeInProgressRef":false,"skipSame":true,"skipInProgress":false,"willCallLoadPortalData":false}
{"t":1771944010654,"message":"effect run","status":"authenticated","roleToLoad":"Coordinador","lastLoadedRoleRef":null,"isRoleChangeInProgressRef":false,"skipSame":false,"skipInProgress":false,"willCallLoadPortalData":true}
{"t":1771944010660,"message":"effect -> calling loadPortalData(roleToLoad) WITHOUT isRoleChange","roleToLoad":"Coordinador"}
{"t":1771944010668,"message":"loadPortalData CALLED","role":"Coordinador","isRoleChange":false}
{"t":1771944027483,"message":"handleRoleChange","newRole":"Encargado","settingRefsTrue":true}
{"t":1771944027489,"message":"loadPortalData CALLED","role":"Encargado","isRoleChange":true}
{"t":1771944030004,"message":"loadPortalData DONE (role change), ref will clear when effect sees roleToLoad === lastLoadedRoleRef"}
{"t":1771944030381,"message":"effect run","status":"loading","roleToLoad":"Coordinador","lastLoadedRoleRef":"Encargado","isRoleChangeInProgressRef":true,"skipSame":true,"skipInProgress":true,"willCallLoadPortalData":false}
{"t":1771944031337,"message":"effect run: session synced, scheduling ref clear in 1.5s"}
{"t":1771944031356,"message":"effect run","status":"authenticated","roleToLoad":"Encargado","lastLoadedRoleRef":"Encargado","isRoleChangeInProgressRef":true,"skipSame":true,"skipInProgress":true,"willCallLoadPortalData":false}
{"t":1771944031420,"message":"effect run","status":"loading","roleToLoad":"Encargado","lastLoadedRoleRef":"Encargado","isRoleChangeInProgressRef":true,"skipSame":true,"skipInProgress":true,"willCallLoadPortalData":false}
{"t":1771944032323,"message":"effect run: session synced, scheduling ref clear in 1.5s"}
{"t":1771944032330,"message":"effect run","status":"authenticated","roleToLoad":"Encargado","lastLoadedRoleRef":"Encargado","isRoleChangeInProgressRef":true,"skipSame":true,"skipInProgress":true,"willCallLoadPortalData":false}
{"t":1771944033372,"message":"handleRoleChange","newRole":"Coordinador","settingRefsTrue":true}
{"t":1771944033379,"message":"loadPortalData CALLED","role":"Coordinador","isRoleChange":true}
{"t":1771944035214,"message":"loadPortalData DONE (role change), ref will clear when effect sees roleToLoad === lastLoadedRoleRef"}
{"t":1771944035604,"message":"effect run","status":"loading","roleToLoad":"Encargado","lastLoadedRoleRef":"Coordinador","isRoleChangeInProgressRef":true,"skipSame":true,"skipInProgress":true,"willCallLoadPortalData":false}
{"t":1771944036638,"message":"effect run: session synced, scheduling ref clear in 1.5s"}
{"t":1771944036655,"message":"effect run","status":"authenticated","roleToLoad":"Coordinador","lastLoadedRoleRef":"Coordinador","isRoleChangeInProgressRef":true,"skipSame":true,"skipInProgress":true,"willCallLoadPortalData":false}
{"t":1771944036723,"message":"effect run","status":"loading","roleToLoad":"Coordinador","lastLoadedRoleRef":"Coordinador","isRoleChangeInProgressRef":true,"skipSame":true,"skipInProgress":true,"willCallLoadPortalData":false}
{"t":1771944037488,"message":"effect run: session synced, scheduling ref clear in 1.5s"}
{"t":1771944037504,"message":"effect run","status":"authenticated","roleToLoad":"Coordinador","lastLoadedRoleRef":"Coordinador","isRoleChangeInProgressRef":true,"skipSame":true,"skipInProgress":true,"willCallLoadPortalData":false}
{"t":1771944038920,"message":"effect run: isRoleChangeInProgressRef cleared after delay"}
{"t":1771944039570,"message":"handleRoleChange","newRole":"Encargado","settingRefsTrue":true}
{"t":1771944039576,"message":"loadPortalData CALLED","role":"Encargado","isRoleChange":true}
{"t":1771944041654,"message":"loadPortalData DONE (role change), ref will clear when effect sees roleToLoad === lastLoadedRoleRef"}
{"t":1771944042020,"message":"effect run","status":"loading","roleToLoad":"Coordinador","lastLoadedRoleRef":"Encargado","isRoleChangeInProgressRef":true,"skipSame":true,"skipInProgress":true,"willCallLoadPortalData":false}
{"t":1771944043093,"message":"effect run","status":"authenticated","roleToLoad":"Encargado","lastLoadedRoleRef":"Encargado","isRoleChangeInProgressRef":true,"skipSame":true,"skipInProgress":true,"willCallLoadPortalData":false}
{"t":1771944043100,"message":"effect run: session synced, scheduling ref clear in 1.5s"}
{"t":1771944043148,"message":"effect run","status":"loading","roleToLoad":"Encargado","lastLoadedRoleRef":"Encargado","isRoleChangeInProgressRef":true,"skipSame":true,"skipInProgress":true,"willCallLoadPortalData":false}
{"t":1771944043955,"message":"effect run: session synced, scheduling ref clear in 1.5s"}
{"t":1771944043962,"message":"effect run","status":"authenticated","roleToLoad":"Encargado","lastLoadedRoleRef":"Encargado","isRoleChangeInProgressRef":true,"skipSame":true,"skipInProgress":true,"willCallLoadPortalData":false}
{"t":1771944045570,"message":"effect run: isRoleChangeInProgressRef cleared after delay"}
{"t":1771944108734,"message":"effect run","status":"authenticated","roleToLoad":"Encargado","lastLoadedRoleRef":"Encargado","isRoleChangeInProgressRef":false,"skipSame":true,"skipInProgress":false,"willCallLoadPortalData":false}
{"t":1771944130569,"message":"effect run","status":"authenticated","roleToLoad":"Encargado","lastLoadedRoleRef":"Encargado","isRoleChangeInProgressRef":false,"skipSame":true,"skipInProgress":false,"willCallLoadPortalData":false}
{"t":1771944168289,"message":"effect run","status":"loading","roleToLoad":null,"lastLoadedRoleRef":null,"isRoleChangeInProgressRef":false,"skipSame":true,"skipInProgress":false,"willCallLoadPortalData":false}
{"t":1771944168798,"message":"effect run","status":"authenticated","roleToLoad":"Encargado","lastLoadedRoleRef":null,"isRoleChangeInProgressRef":false,"skipSame":false,"skipInProgress":false,"willCallLoadPortalData":true}
{"t":1771944168806,"message":"effect -> calling loadPortalData(roleToLoad) WITHOUT isRoleChange","roleToLoad":"Encargado"}
{"t":1771944168814,"message":"loadPortalData CALLED","role":"Encargado","isRoleChange":false}
{"t":1771944173630,"message":"handleRoleChange","newRole":"Coordinador","settingRefsTrue":true}
{"t":1771944173661,"message":"loadPortalData CALLED","role":"Coordinador","isRoleChange":true}
{"t":1771944175565,"message":"loadPortalData DONE (role change), ref will clear when effect sees roleToLoad === lastLoadedRoleRef"}
{"t":1771944175951,"message":"effect run","status":"loading","roleToLoad":"Encargado","lastLoadedRoleRef":"Coordinador","isRoleChangeInProgressRef":true,"skipSame":true,"skipInProgress":true,"willCallLoadPortalData":false}
{"t":1771944176904,"message":"effect run: session synced, scheduling ref clear in 1.5s"}
{"t":1771944176921,"message":"effect run","status":"authenticated","roleToLoad":"Coordinador","lastLoadedRoleRef":"Coordinador","isRoleChangeInProgressRef":true,"skipSame":true,"skipInProgress":true,"willCallLoadPortalData":false}
{"t":1771944177117,"message":"effect run","status":"loading","roleToLoad":"Coordinador","lastLoadedRoleRef":"Coordinador","isRoleChangeInProgressRef":true,"skipSame":true,"skipInProgress":true,"willCallLoadPortalData":false}
{"t":1771944177898,"message":"effect run: session synced, scheduling ref clear in 1.5s"}
{"t":1771944177905,"message":"effect run","status":"authenticated","roleToLoad":"Coordinador","lastLoadedRoleRef":"Coordinador","isRoleChangeInProgressRef":true,"skipSame":true,"skipInProgress":true,"willCallLoadPortalData":false}
{"t":1771944178331,"message":"handleRoleChange","newRole":"Encargado","settingRefsTrue":true}
{"t":1771944178337,"message":"loadPortalData CALLED","role":"Encargado","isRoleChange":true}
{"t":1771944180346,"message":"loadPortalData DONE (role change), ref will clear when effect sees roleToLoad === lastLoadedRoleRef"}
{"t":1771944180730,"message":"effect run","status":"loading","roleToLoad":"Coordinador","lastLoadedRoleRef":"Encargado","isRoleChangeInProgressRef":true,"skipSame":true,"skipInProgress":true,"willCallLoadPortalData":false}
{"t":1771944181663,"message":"effect run: session synced, scheduling ref clear in 1.5s"}
{"t":1771944181669,"message":"effect run","status":"authenticated","roleToLoad":"Encargado","lastLoadedRoleRef":"Encargado","isRoleChangeInProgressRef":true,"skipSame":true,"skipInProgress":true,"willCallLoadPortalData":false}
{"t":1771944181765,"message":"effect run","status":"loading","roleToLoad":"Encargado","lastLoadedRoleRef":"Encargado","isRoleChangeInProgressRef":true,"skipSame":true,"skipInProgress":true,"willCallLoadPortalData":false}
{"t":1771944182597,"message":"effect run: session synced, scheduling ref clear in 1.5s"}
{"t":1771944182603,"message":"effect run","status":"authenticated","roleToLoad":"Encargado","lastLoadedRoleRef":"Encargado","isRoleChangeInProgressRef":true,"skipSame":true,"skipInProgress":true,"willCallLoadPortalData":false}
{"t":1771944184001,"message":"effect run: isRoleChangeInProgressRef cleared after delay"}
{"t":1771944184929,"message":"handleRoleChange","newRole":"Coordinador","settingRefsTrue":true}
{"t":1771944184935,"message":"loadPortalData CALLED","role":"Coordinador","isRoleChange":true}
{"t":1771944186933,"message":"loadPortalData DONE (role change), ref will clear when effect sees roleToLoad === lastLoadedRoleRef"}
{"t":1771944187317,"message":"effect run","status":"loading","roleToLoad":"Encargado","lastLoadedRoleRef":"Coordinador","isRoleChangeInProgressRef":true,"skipSame":true,"skipInProgress":true,"willCallLoadPortalData":false}
{"t":1771944188297,"message":"effect run: session synced, scheduling ref clear in 1.5s"}
{"t":1771944188316,"message":"effect run","status":"authenticated","roleToLoad":"Coordinador","lastLoadedRoleRef":"Coordinador","isRoleChangeInProgressRef":true,"skipSame":true,"skipInProgress":true,"willCallLoadPortalData":false}
{"t":1771944188422,"message":"effect run","status":"loading","roleToLoad":"Coordinador","lastLoadedRoleRef":"Coordinador","isRoleChangeInProgressRef":true,"skipSame":true,"skipInProgress":true,"willCallLoadPortalData":false}
{"t":1771944189199,"message":"effect run: session synced, scheduling ref clear in 1.5s"}
{"t":1771944189225,"message":"effect run","status":"authenticated","roleToLoad":"Coordinador","lastLoadedRoleRef":"Coordinador","isRoleChangeInProgressRef":true,"skipSame":true,"skipInProgress":true,"willCallLoadPortalData":false}
{"t":1771944190635,"message":"effect run: isRoleChangeInProgressRef cleared after delay"}
{"t":1771944198235,"message":"effect run","status":"loading","roleToLoad":"Coordinador","lastLoadedRoleRef":"Coordinador","isRoleChangeInProgressRef":false,"skipSame":true,"skipInProgress":false,"willCallLoadPortalData":false}
{"t":1771944199300,"message":"effect run","status":"authenticated","roleToLoad":"Encargado","lastLoadedRoleRef":"Coordinador","isRoleChangeInProgressRef":false,"skipSame":false,"skipInProgress":false,"willCallLoadPortalData":true}
{"t":1771944199317,"message":"effect -> calling loadPortalData(roleToLoad) WITHOUT isRoleChange","roleToLoad":"Encargado"}
{"t":1771944199324,"message":"loadPortalData CALLED","role":"Encargado","isRoleChange":false}
{"t":1771944199381,"message":"effect run","status":"loading","roleToLoad":"Encargado","lastLoadedRoleRef":"Encargado","isRoleChangeInProgressRef":false,"skipSame":true,"skipInProgress":false,"willCallLoadPortalData":false}
{"t":1771944200050,"message":"effect run","status":"authenticated","roleToLoad":"Encargado","lastLoadedRoleRef":"Encargado","isRoleChangeInProgressRef":false,"skipSame":true,"skipInProgress":false,"willCallLoadPortalData":false}
{"t":1771944276569,"message":"handleRoleChange","newRole":"Encargado","settingRefsTrue":true}
{"t":1771944276575,"message":"loadPortalData CALLED","role":"Encargado","isRoleChange":true}
{"t":1771944281168,"message":"loadPortalData DONE (role change), ref will clear when effect sees roleToLoad === lastLoadedRoleRef"}
{"t":1771944281583,"message":"handleRoleChange","newRole":"Coordinador","settingRefsTrue":true}
{"t":1771944281589,"message":"loadPortalData CALLED","role":"Coordinador","isRoleChange":true}
{"t":1771944281755,"message":"effect run","status":"loading","roleToLoad":"Encargado","lastLoadedRoleRef":"Coordinador","isRoleChangeInProgressRef":true,"skipSame":true,"skipInProgress":true,"willCallLoadPortalData":false}
{"t":1771944282492,"message":"effect run","status":"authenticated","roleToLoad":"Encargado","lastLoadedRoleRef":"Coordinador","isRoleChangeInProgressRef":true,"skipSame":false,"skipInProgress":true,"willCallLoadPortalData":false}
{"t":1771944282643,"message":"effect run","status":"loading","roleToLoad":"Encargado","lastLoadedRoleRef":"Coordinador","isRoleChangeInProgressRef":true,"skipSame":true,"skipInProgress":true,"willCallLoadPortalData":false}
{"t":1771944283599,"message":"effect run","status":"authenticated","roleToLoad":"Encargado","lastLoadedRoleRef":"Coordinador","isRoleChangeInProgressRef":true,"skipSame":false,"skipInProgress":true,"willCallLoadPortalData":false}
{"t":1771944284670,"message":"loadPortalData DONE (role change), ref will clear when effect sees roleToLoad === lastLoadedRoleRef"}
{"t":1771944285229,"message":"effect run","status":"loading","roleToLoad":"Encargado","lastLoadedRoleRef":"Coordinador","isRoleChangeInProgressRef":true,"skipSame":true,"skipInProgress":true,"willCallLoadPortalData":false}
{"t":1771944286234,"message":"effect run: session synced, scheduling ref clear in 1.5s"}
{"t":1771944286240,"message":"effect run","status":"authenticated","roleToLoad":"Coordinador","lastLoadedRoleRef":"Coordinador","isRoleChangeInProgressRef":true,"skipSame":true,"skipInProgress":true,"willCallLoadPortalData":false}
{"t":1771944286340,"message":"effect run","status":"loading","roleToLoad":"Coordinador","lastLoadedRoleRef":"Coordinador","isRoleChangeInProgressRef":true,"skipSame":true,"skipInProgress":true,"willCallLoadPortalData":false}
{"t":1771944287213,"message":"effect run: session synced, scheduling ref clear in 1.5s"}
{"t":1771944287221,"message":"effect run","status":"authenticated","roleToLoad":"Coordinador","lastLoadedRoleRef":"Coordinador","isRoleChangeInProgressRef":true,"skipSame":true,"skipInProgress":true,"willCallLoadPortalData":false}
{"t":1771944288639,"message":"effect run: isRoleChangeInProgressRef cleared after delay"}
{"t":1771944291340,"message":"effect run","status":"loading","roleToLoad":"Coordinador","lastLoadedRoleRef":"Coordinador","isRoleChangeInProgressRef":false,"skipSame":true,"skipInProgress":false,"willCallLoadPortalData":false}
{"t":1771944292351,"message":"effect run","status":"authenticated","roleToLoad":"Encargado","lastLoadedRoleRef":"Coordinador","isRoleChangeInProgressRef":false,"skipSame":false,"skipInProgress":false,"willCallLoadPortalData":true}
{"t":1771944292357,"message":"effect -> calling loadPortalData(roleToLoad) WITHOUT isRoleChange","roleToLoad":"Encargado"}
{"t":1771944292363,"message":"loadPortalData CALLED","role":"Encargado","isRoleChange":false}
{"t":1771944292420,"message":"effect run","status":"loading","roleToLoad":"Encargado","lastLoadedRoleRef":"Encargado","isRoleChangeInProgressRef":false,"skipSame":true,"skipInProgress":false,"willCallLoadPortalData":false}
{"t":1771944293133,"message":"effect run","status":"authenticated","roleToLoad":"Encargado","lastLoadedRoleRef":"Encargado","isRoleChangeInProgressRef":false,"skipSame":true,"skipInProgress":false,"willCallLoadPortalData":false}
{"t":1771944453813,"message":"effect run","status":"authenticated","roleToLoad":"Encargado","lastLoadedRoleRef":null,"isRoleChangeInProgressRef":false,"skipSame":false,"skipInProgress":false,"willCallLoadPortalData":true}
{"t":1771944453823,"message":"effect -> calling loadPortalData(roleToLoad) WITHOUT isRoleChange","roleToLoad":"Encargado"}
{"t":1771944453830,"message":"loadPortalData CALLED","role":"Encargado","isRoleChange":false}
{"t":1771944685879,"message":"effect run","status":"loading","roleToLoad":"Encargado","lastLoadedRoleRef":"Encargado","isRoleChangeInProgressRef":false,"skipSame":true,"skipInProgress":false,"willCallLoadPortalData":false}
{"t":1771944687629,"message":"effect run","status":"authenticated","roleToLoad":"Coordinador","lastLoadedRoleRef":"Encargado","isRoleChangeInProgressRef":false,"skipSame":false,"skipInProgress":false,"willCallLoadPortalData":true}
{"t":1771944687635,"message":"effect -> calling loadPortalData(roleToLoad) WITHOUT isRoleChange","roleToLoad":"Coordinador"}
{"t":1771944687657,"message":"loadPortalData CALLED","role":"Coordinador","isRoleChange":false}
{"t":1771944687680,"message":"effect run","status":"loading","roleToLoad":"Coordinador","lastLoadedRoleRef":"Coordinador","isRoleChangeInProgressRef":false,"skipSame":true,"skipInProgress":false,"willCallLoadPortalData":false}
{"t":1771944688381,"message":"effect run","status":"authenticated","roleToLoad":"Coordinador","lastLoadedRoleRef":"Coordinador","isRoleChangeInProgressRef":false,"skipSame":true,"skipInProgress":false,"willCallLoadPortalData":false}
